/Users/drishti/Desktop/leetcode-analyzer/src/main/java/com/leetcode/analyzer/parser/CSVParser.java
/Users/drishti/Desktop/leetcode-analyzer/src/main/java/com/leetcode/analyzer/model/Statistics.java
/Users/drishti/Desktop/leetcode-analyzer/src/main/java/com/leetcode/analyzer/util/ConsoleFormatter.java
/Users/drishti/Desktop/leetcode-analyzer/src/main/java/com/leetcode/analyzer/recommendation/RecommendationEngine.java
/Users/drishti/Desktop/leetcode-analyzer/src/main/java/com/leetcode/analyzer/model/Category.java
/Users/drishti/Desktop/leetcode-analyzer/src/main/java/com/leetcode/analyzer/report/CSVReportGenerator.java
/Users/drishti/Desktop/leetcode-analyzer/src/main/java/com/leetcode/analyzer/report/ReportGenerator.java
/Users/drishti/Desktop/leetcode-analyzer/src/main/java/com/leetcode/analyzer/database/DatabaseManager.java
/Users/drishti/Desktop/leetcode-analyzer/src/main/java/com/leetcode/analyzer/analytics/AnalyticsEngine.java
/Users/drishti/Desktop/leetcode-analyzer/src/main/java/com/leetcode/analyzer/model/Problem.java
/Users/drishti/Desktop/leetcode-analyzer/src/main/java/com/leetcode/analyzer/model/Solution.java
/Users/drishti/Desktop/leetcode-analyzer/src/main/java/com/leetcode/analyzer/report/ConsoleReportGenerator.java
/Users/drishti/Desktop/leetcode-analyzer/src/main/java/com/leetcode/analyzer/Main.java
/Users/drishti/Desktop/leetcode-analyzer/src/main/java/com/leetcode/analyzer/report/PDFReportGenerator.java
/Users/drishti/Desktop/leetcode-analyzer/src/main/java/com/leetcode/analyzer/parser/JSONParser.java
/Users/drishti/Desktop/leetcode-analyzer/src/main/java/com/leetcode/analyzer/cli/CLIInterface.java
/Users/drishti/Desktop/leetcode-analyzer/src/main/java/com/leetcode/analyzer/model/Difficulty.java
/Users/drishti/Desktop/leetcode-analyzer/src/main/java/com/leetcode/analyzer/model/UserProfile.java
